Build started 2025/07/01 11:44:56.
     1>Project "C:\Dev\PhoenixVC\cognitive-mesh\tests\AgencyLayer\ToolIntegration\ToolIntegrationTests.csproj" on node 1 (Restore target(s)).
     1>_GetAllRestoreProjectPathItems:
         Determining projects to restore...
     1>Project "C:\Dev\PhoenixVC\cognitive-mesh\tests\AgencyLayer\ToolIntegration\ToolIntegrationTests.csproj" (1) is building "C:\Dev\PhoenixVC\cognitive-mesh\tests\AgencyLayer\ToolIntegration\ToolIntegrationTests.csproj" (1:3) on node 1 (_GenerateRestoreProjectPathWalk target(s)).
     1>_GenerateRestoreProjectPathWalk:
         Skipping project "C:\Dev\PhoenixVC\src\AgencyLayer\ToolIntegration\ToolIntegration.csproj" because it was not found.
     1>Done Building Project "C:\Dev\PhoenixVC\cognitive-mesh\tests\AgencyLayer\ToolIntegration\ToolIntegrationTests.csproj" (_GenerateRestoreProjectPathWalk target(s)).
     1>_GetAllRestoreProjectPathItems:
         Skipping project "C:\Dev\PhoenixVC\src\AgencyLayer\ToolIntegration\ToolIntegration.csproj" because it was not found.
       Restore:
         X.509 certificate chain validation will use the default trust store selected by .NET for code signing.
         X.509 certificate chain validation will use the default trust store selected by .NET for timestamping.
         Assets file has not changed. Skipping assets file writing. Path: C:\Dev\PhoenixVC\cognitive-mesh\tests\AgencyLayer\ToolIntegration\obj\project.assets.json
         Restored C:\Dev\PhoenixVC\cognitive-mesh\tests\AgencyLayer\ToolIntegration\ToolIntegrationTests.csproj (in 19 ms).
         
         NuGet Config files used:
             C:\Users\smitj\AppData\Roaming\NuGet\NuGet.Config
         
         Feeds used:
             https://api.nuget.org/v3/index.json
             C:\Program Files\dotnet\library-packs
         All projects are up-to-date for restore.
     1>Done Building Project "C:\Dev\PhoenixVC\cognitive-mesh\tests\AgencyLayer\ToolIntegration\ToolIntegrationTests.csproj" (Restore target(s)).
   1:7>Project "C:\Dev\PhoenixVC\cognitive-mesh\tests\AgencyLayer\ToolIntegration\ToolIntegrationTests.csproj" on node 1 (default targets).
     1>C:\Program Files\dotnet\sdk\9.0.104\Microsoft.Common.CurrentVersion.targets(2175,5): warning MSB9008: The referenced project '..\..\..\..\src\AgencyLayer\ToolIntegration\ToolIntegration.csproj' does not exist. [C:\Dev\PhoenixVC\cognitive-mesh\tests\AgencyLayer\ToolIntegration\ToolIntegrationTests.csproj]
     1>GenerateTargetFrameworkMonikerAttribute:
       Skipping target "GenerateTargetFrameworkMonikerAttribute" because all output files are up-to-date with respect to the input files.
       CoreGenerateAssemblyInfo:
       Skipping target "CoreGenerateAssemblyInfo" because all output files are up-to-date with respect to the input files.
       _GenerateSourceLinkFile:
         Source Link file 'obj\Debug\net9.0\ToolIntegrationTests.sourcelink.json' is up-to-date.
       CoreCompile:
         C:\Program Files\dotnet\dotnet.exe exec "C:\Program Files\dotnet\sdk\9.0.104\Roslyn\bincore\csc.dll" /noconfig /unsafe- /checked- /nowarn:1701,1702,1701,1702 /fullpaths /nostdlib+ /errorreport:prompt /warn:9 /define:TRACE;DEBUG;NET;NET9_0;NETCOREAPP;NET5_0_OR_GREATER;NET6_0_OR_GREATER;NET7_0_OR_GREATER;NET8_0_OR_GREATER;NET9_0_OR_GREATER;NETCOREAPP1_0_OR_GREATER;NETCOREAPP1_1_OR_GREATER;NETCOREAPP2_0_OR_GREATER;NETCOREAPP2_1_OR_GREATER;NETCOREAPP2_2_OR_GREATER;NETCOREAPP3_0_OR_GREATER;NETCOREAPP3_1_OR_GREATER /highentropyva+ /reference:C:\Users\smitj\.nuget\packages\castle.core\4.4.0\lib\netstandard1.5\Castle.Core.dll /reference:"C:\Program Files\dotnet\packs\Microsoft.NETCore.App.Ref\9.0.3\ref\net9.0\Microsoft.CSharp.dll" /reference:C:\Users\smitj\.nuget\packages\microsoft.testplatform.testhost\17.14.1\lib\net8.0\Microsoft.TestPlatform.CommunicationUtilities.dll /reference:C:\Users\smitj\.nuget\packages\microsoft.testplatform.testhost\17.14.1\lib\net8.0\Microsoft.TestPlatform.CoreUtilities.dll /reference:C:\Users\smitj\.nuget\packages\microsoft.testplatform.testhost\17.14.1\lib\net8.0\Microsoft.TestPlatform.CrossPlatEngine.dll /reference:C:\Users\smitj\.nuget\packages\microsoft.testplatform.testhost\17.14.1\lib\net8.0\Microsoft.TestPlatform.PlatformAbstractions.dll /reference:C:\Users\smitj\.nuget\packages\microsoft.testplatform.testhost\17.14.1\lib\net8.0\Microsoft.TestPlatform.Utilities.dll /reference:"C:\Program Files\dotnet\packs\Microsoft.NETCore.App.Ref\9.0.3\ref\net9.0\Microsoft.VisualBasic.Core.dll" /reference:"C:\Program Files\dotnet\packs\Microsoft.NETCore.App.Ref\9.0.3\ref\net9.0\Microsoft.VisualBasic.dll" /reference:C:\Users\smitj\.nuget\packages\microsoft.codecoverage\17.14.1\lib\net8.0\Microsoft.VisualStudio.CodeCoverage.Shim.dll /reference:C:\Users\smitj\.nuget\packages\microsoft.testplatform.testhost\17.14.1\lib\net8.0\Microsoft.VisualStudio.TestPlatform.Common.dll /reference:C:\Users\smitj\.nuget\packages\microsoft.testplatform.testhost\17.14.1\lib\net8.0\Microsoft.VisualStudio.TestPlatform.ObjectModel.dll /reference:"C:\Program Files\dotnet\packs\Microsoft.NETCore.App.Ref\9.0.3\ref\net9.0\Microsoft.Win32.Primitives.dll" /reference:"C:\Program Files\dotnet\packs\Microsoft.NETCore.App.Ref\9.0.3\ref\net9.0\Microsoft.Win32.Registry.dll" /reference:C:\Users\smitj\.nuget\packages\moq\4.16.1\lib\netstandard2.1\Moq.dll /reference:"C:\Program Files\dotnet\packs\Microsoft.NETCore.App.Ref\9.0.3\ref\net9.0\mscorlib.dll" /reference:"C:\Program Files\dotnet\packs\Microsoft.NETCore.App.Ref\9.0.3\ref\net9.0\netstandard.dll" /reference:C:\Users\smitj\.nuget\packages\newtonsoft.json\13.0.3\lib\net6.0\Newtonsoft.Json.dll /reference:"C:\Program Files\dotnet\packs\Microsoft.NETCore.App.Ref\9.0.3\ref\net9.0\System.AppContext.dll" /reference:"C:\Program Files\dotnet\packs\Microsoft.NETCore.App.Ref\9.0.3\ref\net9.0\System.Buffers.dll" /reference:"C:\Program Files\dotnet\packs\Microsoft.NETCore.App.Ref\9.0.3\ref\net9.0\System.Collections.Concurrent.dll" /reference:"C:\Program Files\dotnet\packs\Microsoft.NETCore.App.Ref\9.0.3\ref\net9.0\System.Collections.dll" /reference:"C:\Program Files\dotnet\packs\Microsoft.NETCore.App.Ref\9.0.3\ref\net9.0\System.Collections.Immutable.dll" /reference:"C:\Program Files\dotnet\packs\Microsoft.NETCore.App.Ref\9.0.3\ref\net9.0\System.Collections.NonGeneric.dll" /reference:"C:\Program Files\dotnet\packs\Microsoft.NETCore.App.Ref\9.0.3\ref\net9.0\System.Collections.Specialized.dll" /reference:"C:\Program Files\dotnet\packs\Microsoft.NETCore.App.Ref\9.0.3\ref\net9.0\System.ComponentModel.Annotations.dll" /reference:"C:\Program Files\dotnet\packs\Microsoft.NETCore.App.Ref\9.0.3\ref\net9.0\System.ComponentModel.DataAnnotations.dll" /reference:"C:\Program Files\dotnet\packs\Microsoft.NETCore.App.Ref\9.0.3\ref\net9.0\System.ComponentModel.dll" /reference:"C:\Program Files\dotnet\packs\Microsoft.NETCore.App.Ref\9.0.3\ref\net9.0\System.ComponentModel.EventBasedAsync.dll" /reference:"C:\Program Files\dotnet\packs\Microsoft.NETCore.App.Ref\9.0.3\ref\net9.0\System.ComponentModel.Primitives.dll" /reference:"C:\Program Files\dotnet\packs\Microsoft.NETCore.App.Ref\9.0.3\ref\net9.0\System.ComponentModel.TypeConverter.dll" /reference:"C:\Program Files\dotnet\packs\Microsoft.NETCore.App.Ref\9.0.3\ref\net9.0\System.Configuration.dll" /reference:"C:\Program Files\dotnet\packs\Microsoft.NETCore.App.Ref\9.0.3\ref\net9.0\System.Console.dll" /reference:"C:\Program Files\dotnet\packs\Microsoft.NETCore.App.Ref\9.0.3\ref\net9.0\System.Core.dll" /reference:"C:\Program Files\dotnet\packs\Microsoft.NETCore.App.Ref\9.0.3\ref\net9.0\System.Data.Common.dll" /reference:"C:\Program Files\dotnet\packs\Microsoft.NETCore.App.Ref\9.0.3\ref\net9.0\System.Data.DataSetExtensions.dll" /reference:"C:\Program Files\dotnet\packs\Microsoft.NETCore.App.Ref\9.0.3\ref\net9.0\System.Data.dll" /reference:"C:\Program Files\dotnet\packs\Microsoft.NETCore.App.Ref\9.0.3\ref\net9.0\System.Diagnostics.Contracts.dll" /reference:"C:\Program Files\dotnet\packs\Microsoft.NETCore.App.Ref\9.0.3\ref\net9.0\System.Diagnostics.Debug.dll" /reference:"C:\Program Files\dotnet\packs\Microsoft.NETCore.App.Ref\9.0.3\ref\net9.0\System.Diagnostics.DiagnosticSource.dll" /reference:"C:\Program Files\dotnet\packs\Microsoft.NETCore.App.Ref\9.0.3\ref\net9.0\System.Diagnostics.FileVersionInfo.dll" /reference:"C:\Program Files\dotnet\packs\Microsoft.NETCore.App.Ref\9.0.3\ref\net9.0\System.Diagnostics.Process.dll" /reference:"C:\Program Files\dotnet\packs\Microsoft.NETCore.App.Ref\9.0.3\ref\net9.0\System.Diagnostics.StackTrace.dll" /reference:"C:\Program Files\dotnet\packs\Microsoft.NETCore.App.Ref\9.0.3\ref\net9.0\System.Diagnostics.TextWriterTraceListener.dll" /reference:"C:\Program Files\dotnet\packs\Microsoft.NETCore.App.Ref\9.0.3\ref\net9.0\System.Diagnostics.Tools.dll" /reference:"C:\Program Files\dotnet\packs\Microsoft.NETCore.App.Ref\9.0.3\ref\net9.0\System.Diagnostics.TraceSource.dll" /reference:"C:\Program Files\dotnet\packs\Microsoft.NETCore.App.Ref\9.0.3\ref\net9.0\System.Diagnostics.Tracing.dll" /reference:"C:\Program Files\dotnet\packs\Microsoft.NETCore.App.Ref\9.0.3\ref\net9.0\System.dll" /reference:"C:\Program Files\dotnet\packs\Microsoft.NETCore.App.Ref\9.0.3\ref\net9.0\System.Drawing.dll" /reference:"C:\Program Files\dotnet\packs\Microsoft.NETCore.App.Ref\9.0.3\ref\net9.0\System.Drawing.Primitives.dll" /reference:"C:\Program Files\dotnet\packs\Microsoft.NETCore.App.Ref\9.0.3\ref\net9.0\System.Dynamic.Runtime.dll" /reference:"C:\Program Files\dotnet\packs\Microsoft.NETCore.App.Ref\9.0.3\ref\net9.0\System.Formats.Asn1.dll" /reference:"C:\Program Files\dotnet\packs\Microsoft.NETCore.App.Ref\9.0.3\ref\net9.0\System.Formats.Tar.dll" /reference:"C:\Program Files\dotnet\packs\Microsoft.NETCore.App.Ref\9.0.3\ref\net9.0\System.Globalization.Calendars.dll" /reference:"C:\Program Files\dotnet\packs\Microsoft.NETCore.App.Ref\9.0.3\ref\net9.0\System.Globalization.dll" /reference:"C:\Program Files\dotnet\packs\Microsoft.NETCore.App.Ref\9.0.3\ref\net9.0\System.Globalization.Extensions.dll" /reference:"C:\Program Files\dotnet\packs\Microsoft.NETCore.App.Ref\9.0.3\ref\net9.0\System.IO.Compression.Brotli.dll" /reference:"C:\Program Files\dotnet\packs\Microsoft.NETCore.App.Ref\9.0.3\ref\net9.0\System.IO.Compression.dll" /reference:"C:\Program Files\dotnet\packs\Microsoft.NETCore.App.Ref\9.0.3\ref\net9.0\System.IO.Compression.FileSystem.dll" /reference:"C:\Program Files\dotnet\packs\Microsoft.NETCore.App.Ref\9.0.3\ref\net9.0\System.IO.Compression.ZipFile.dll" /reference:"C:\Program Files\dotnet\packs\Microsoft.NETCore.App.Ref\9.0.3\ref\net9.0\System.IO.dll" /reference:"C:\Program Files\dotnet\packs\Microsoft.NETCore.App.Ref\9.0.3\ref\net9.0\System.IO.FileSystem.AccessControl.dll" /reference:"C:\Program Files\dotnet\packs\Microsoft.NETCore.App.Ref\9.0.3\ref\net9.0\System.IO.FileSystem.dll" /reference:"C:\Program Files\dotnet\packs\Microsoft.NETCore.App.Ref\9.0.3\ref\net9.0\System.IO.FileSystem.DriveInfo.dll" /reference:"C:\Program Files\dotnet\packs\Microsoft.NETCore.App.Ref\9.0.3\ref\net9.0\System.IO.FileSystem.Primitives.dll" /reference:"C:\Program Files\dotnet\packs\Microsoft.NETCore.App.Ref\9.0.3\ref\net9.0\System.IO.FileSystem.Watcher.dll" /reference:"C:\Program Files\dotnet\packs\Microsoft.NETCore.App.Ref\9.0.3\ref\net9.0\System.IO.IsolatedStorage.dll" /reference:"C:\Program Files\dotnet\packs\Microsoft.NETCore.App.Ref\9.0.3\ref\net9.0\System.IO.MemoryMappedFiles.dll" /reference:"C:\Program Files\dotnet\packs\Microsoft.NETCore.App.Ref\9.0.3\ref\net9.0\System.IO.Pipelines.dll" /reference:"C:\Program Files\dotnet\packs\Microsoft.NETCore.App.Ref\9.0.3\ref\net9.0\System.IO.Pipes.AccessControl.dll" /reference:"C:\Program Files\dotnet\packs\Microsoft.NETCore.App.Ref\9.0.3\ref\net9.0\System.IO.Pipes.dll" /reference:"C:\Program Files\dotnet\packs\Microsoft.NETCore.App.Ref\9.0.3\ref\net9.0\System.IO.UnmanagedMemoryStream.dll" /reference:"C:\Program Files\dotnet\packs\Microsoft.NETCore.App.Ref\9.0.3\ref\net9.0\System.Linq.dll" /reference:"C:\Program Files\dotnet\packs\Microsoft.NETCore.App.Ref\9.0.3\ref\net9.0\System.Linq.Expressions.dll" /reference:"C:\Program Files\dotnet\packs\Microsoft.NETCore.App.Ref\9.0.3\ref\net9.0\System.Linq.Parallel.dll" /reference:"C:\Program Files\dotnet\packs\Microsoft.NETCore.App.Ref\9.0.3\ref\net9.0\System.Linq.Queryable.dll" /reference:"C:\Program Files\dotnet\packs\Microsoft.NETCore.App.Ref\9.0.3\ref\net9.0\System.Memory.dll" /reference:"C:\Program Files\dotnet\packs\Microsoft.NETCore.App.Ref\9.0.3\ref\net9.0\System.Net.dll" /reference:"C:\Program Files\dotnet\packs\Microsoft.NETCore.App.Ref\9.0.3\ref\net9.0\System.Net.Http.dll" /reference:"C:\Program Files\dotnet\packs\Microsoft.NETCore.App.Ref\9.0.3\ref\net9.0\System.Net.Http.Json.dll" /reference:"C:\Program Files\dotnet\packs\Microsoft.NETCore.App.Ref\9.0.3\ref\net9.0\System.Net.HttpListener.dll" /reference:"C:\Program Files\dotnet\packs\Microsoft.NETCore.App.Ref\9.0.3\ref\net9.0\System.Net.Mail.dll" /reference:"C:\Program Files\dotnet\packs\Microsoft.NETCore.App.Ref\9.0.3\ref\net9.0\System.Net.NameResolution.dll" /reference:"C:\Program Files\dotnet\packs\Microsoft.NETCore.App.Ref\9.0.3\ref\net9.0\System.Net.NetworkInformation.dll" /reference:"C:\Program Files\dotnet\packs\Microsoft.NETCore.App.Ref\9.0.3\ref\net9.0\System.Net.Ping.dll" /reference:"C:\Program Files\dotnet\packs\Microsoft.NETCore.App.Ref\9.0.3\ref\net9.0\System.Net.Primitives.dll" /reference:"C:\Program Files\dotnet\packs\Microsoft.NETCore.App.Ref\9.0.3\ref\net9.0\System.Net.Quic.dll" /reference:"C:\Program Files\dotnet\packs\Microsoft.NETCore.App.Ref\9.0.3\ref\net9.0\System.Net.Requests.dll" /reference:"C:\Program Files\dotnet\packs\Microsoft.NETCore.App.Ref\9.0.3\ref\net9.0\System.Net.Security.dll" /reference:"C:\Program Files\dotnet\packs\Microsoft.NETCore.App.Ref\9.0.3\ref\net9.0\System.Net.ServicePoint.dll" /reference:"C:\Program Files\dotnet\packs\Microsoft.NETCore.App.Ref\9.0.3\ref\net9.0\System.Net.Sockets.dll" /reference:"C:\Program Files\dotnet\packs\Microsoft.NETCore.App.Ref\9.0.3\ref\net9.0\System.Net.WebClient.dll" /reference:"C:\Program Files\dotnet\packs\Microsoft.NETCore.App.Ref\9.0.3\ref\net9.0\System.Net.WebHeaderCollection.dll" /reference:"C:\Program Files\dotnet\packs\Microsoft.NETCore.App.Ref\9.0.3\ref\net9.0\System.Net.WebProxy.dll" /reference:"C:\Program Files\dotnet\packs\Microsoft.NETCore.App.Ref\9.0.3\ref\net9.0\System.Net.WebSockets.Client.dll" /reference:"C:\Program Files\dotnet\packs\Microsoft.NETCore.App.Ref\9.0.3\ref\net9.0\System.Net.WebSockets.dll" /reference:"C:\Program Files\dotnet\packs\Microsoft.NETCore.App.Ref\9.0.3\ref\net9.0\System.Numerics.dll" /reference:"C:\Program Files\dotnet\packs\Microsoft.NETCore.App.Ref\9.0.3\ref\net9.0\System.Numerics.Vectors.dll" /reference:"C:\Program Files\dotnet\packs\Microsoft.NETCore.App.Ref\9.0.3\ref\net9.0\System.ObjectModel.dll" /reference:"C:\Program Files\dotnet\packs\Microsoft.NETCore.App.Ref\9.0.3\ref\net9.0\System.Reflection.DispatchProxy.dll" /reference:"C:\Program Files\dotnet\packs\Microsoft.NETCore.App.Ref\9.0.3\ref\net9.0\System.Reflection.dll" /reference:"C:\Program Files\dotnet\packs\Microsoft.NETCore.App.Ref\9.0.3\ref\net9.0\System.Reflection.Emit.dll" /reference:"C:\Program Files\dotnet\packs\Microsoft.NETCore.App.Ref\9.0.3\ref\net9.0\System.Reflection.Emit.ILGeneration.dll" /reference:"C:\Program Files\dotnet\packs\Microsoft.NETCore.App.Ref\9.0.3\ref\net9.0\System.Reflection.Emit.Lightweight.dll" /reference:"C:\Program Files\dotnet\packs\Microsoft.NETCore.App.Ref\9.0.3\ref\net9.0\System.Reflection.Extensions.dll" /reference:"C:\Program Files\dotnet\packs\Microsoft.NETCore.App.Ref\9.0.3\ref\net9.0\System.Reflection.Metadata.dll" /reference:"C:\Program Files\dotnet\packs\Microsoft.NETCore.App.Ref\9.0.3\ref\net9.0\System.Reflection.Primitives.dll" /reference:"C:\Program Files\dotnet\packs\Microsoft.NETCore.App.Ref\9.0.3\ref\net9.0\System.Reflection.TypeExtensions.dll" /reference:"C:\Program Files\dotnet\packs\Microsoft.NETCore.App.Ref\9.0.3\ref\net9.0\System.Resources.Reader.dll" /reference:"C:\Program Files\dotnet\packs\Microsoft.NETCore.App.Ref\9.0.3\ref\net9.0\System.Resources.ResourceManager.dll" /reference:"C:\Program Files\dotnet\packs\Microsoft.NETCore.App.Ref\9.0.3\ref\net9.0\System.Resources.Writer.dll" /reference:"C:\Program Files\dotnet\packs\Microsoft.NETCore.App.Ref\9.0.3\ref\net9.0\System.Runtime.CompilerServices.Unsafe.dll" /reference:"C:\Program Files\dotnet\packs\Microsoft.NETCore.App.Ref\9.0.3\ref\net9.0\System.Runtime.CompilerServices.VisualC.dll" /reference:"C:\Program Files\dotnet\packs\Microsoft.NETCore.App.Ref\9.0.3\ref\net9.0\System.Runtime.dll" /reference:"C:\Program Files\dotnet\packs\Microsoft.NETCore.App.Ref\9.0.3\ref\net9.0\System.Runtime.Extensions.dll" /reference:"C:\Program Files\dotnet\packs\Microsoft.NETCore.App.Ref\9.0.3\ref\net9.0\System.Runtime.Handles.dll" /reference:"C:\Program Files\dotnet\packs\Microsoft.NETCore.App.Ref\9.0.3\ref\net9.0\System.Runtime.InteropServices.dll" /reference:"C:\Program Files\dotnet\packs\Microsoft.NETCore.App.Ref\9.0.3\ref\net9.0\System.Runtime.InteropServices.JavaScript.dll" /reference:"C:\Program Files\dotnet\packs\Microsoft.NETCore.App.Ref\9.0.3\ref\net9.0\System.Runtime.InteropServices.RuntimeInformation.dll" /reference:"C:\Program Files\dotnet\packs\Microsoft.NETCore.App.Ref\9.0.3\ref\net9.0\System.Runtime.Intrinsics.dll" /reference:"C:\Program Files\dotnet\packs\Microsoft.NETCore.App.Ref\9.0.3\ref\net9.0\System.Runtime.Loader.dll" /reference:"C:\Program Files\dotnet\packs\Microsoft.NETCore.App.Ref\9.0.3\ref\net9.0\System.Runtime.Numerics.dll" /reference:"C:\Program Files\dotnet\packs\Microsoft.NETCore.App.Ref\9.0.3\ref\net9.0\System.Runtime.Serialization.dll" /reference:"C:\Program Files\dotnet\packs\Microsoft.NETCore.App.Ref\9.0.3\ref\net9.0\System.Runtime.Serialization.Formatters.dll" /reference:"C:\Program Files\dotnet\packs\Microsoft.NETCore.App.Ref\9.0.3\ref\net9.0\System.Runtime.Serialization.Json.dll" /reference:"C:\Program Files\dotnet\packs\Microsoft.NETCore.App.Ref\9.0.3\ref\net9.0\System.Runtime.Serialization.Primitives.dll" /reference:"C:\Program Files\dotnet\packs\Microsoft.NETCore.App.Ref\9.0.3\ref\net9.0\System.Runtime.Serialization.Xml.dll" /reference:"C:\Program Files\dotnet\packs\Microsoft.NETCore.App.Ref\9.0.3\ref\net9.0\System.Security.AccessControl.dll" /reference:"C:\Program Files\dotnet\packs\Microsoft.NETCore.App.Ref\9.0.3\ref\net9.0\System.Security.Claims.dll" /reference:"C:\Program Files\dotnet\packs\Microsoft.NETCore.App.Ref\9.0.3\ref\net9.0\System.Security.Cryptography.Algorithms.dll" /reference:"C:\Program Files\dotnet\packs\Microsoft.NETCore.App.Ref\9.0.3\ref\net9.0\System.Security.Cryptography.Cng.dll" /reference:"C:\Program Files\dotnet\packs\Microsoft.NETCore.App.Ref\9.0.3\ref\net9.0\System.Security.Cryptography.Csp.dll" /reference:"C:\Program Files\dotnet\packs\Microsoft.NETCore.App.Ref\9.0.3\ref\net9.0\System.Security.Cryptography.dll" /reference:"C:\Program Files\dotnet\packs\Microsoft.NETCore.App.Ref\9.0.3\ref\net9.0\System.Security.Cryptography.Encoding.dll" /reference:"C:\Program Files\dotnet\packs\Microsoft.NETCore.App.Ref\9.0.3\ref\net9.0\System.Security.Cryptography.OpenSsl.dll" /reference:"C:\Program Files\dotnet\packs\Microsoft.NETCore.App.Ref\9.0.3\ref\net9.0\System.Security.Cryptography.Primitives.dll" /reference:"C:\Program Files\dotnet\packs\Microsoft.NETCore.App.Ref\9.0.3\ref\net9.0\System.Security.Cryptography.X509Certificates.dll" /reference:"C:\Program Files\dotnet\packs\Microsoft.NETCore.App.Ref\9.0.3\ref\net9.0\System.Security.dll" /reference:"C:\Program Files\dotnet\packs\Microsoft.NETCore.App.Ref\9.0.3\ref\net9.0\System.Security.Principal.dll" /reference:"C:\Program Files\dotnet\packs\Microsoft.NETCore.App.Ref\9.0.3\ref\net9.0\System.Security.Principal.Windows.dll" /reference:"C:\Program Files\dotnet\packs\Microsoft.NETCore.App.Ref\9.0.3\ref\net9.0\System.Security.SecureString.dll" /reference:"C:\Program Files\dotnet\packs\Microsoft.NETCore.App.Ref\9.0.3\ref\net9.0\System.ServiceModel.Web.dll" /reference:"C:\Program Files\dotnet\packs\Microsoft.NETCore.App.Ref\9.0.3\ref\net9.0\System.ServiceProcess.dll" /reference:"C:\Program Files\dotnet\packs\Microsoft.NETCore.App.Ref\9.0.3\ref\net9.0\System.Text.Encoding.CodePages.dll" /reference:"C:\Program Files\dotnet\packs\Microsoft.NETCore.App.Ref\9.0.3\ref\net9.0\System.Text.Encoding.dll" /reference:"C:\Program Files\dotnet\packs\Microsoft.NETCore.App.Ref\9.0.3\ref\net9.0\System.Text.Encoding.Extensions.dll" /reference:"C:\Program Files\dotnet\packs\Microsoft.NETCore.App.Ref\9.0.3\ref\net9.0\System.Text.Encodings.Web.dll" /reference:"C:\Program Files\dotnet\packs\Microsoft.NETCore.App.Ref\9.0.3\ref\net9.0\System.Text.Json.dll" /reference:"C:\Program Files\dotnet\packs\Microsoft.NETCore.App.Ref\9.0.3\ref\net9.0\System.Text.RegularExpressions.dll" /reference:"C:\Program Files\dotnet\packs\Microsoft.NETCore.App.Ref\9.0.3\ref\net9.0\System.Threading.Channels.dll" /reference:"C:\Program Files\dotnet\packs\Microsoft.NETCore.App.Ref\9.0.3\ref\net9.0\System.Threading.dll" /reference:"C:\Program Files\dotnet\packs\Microsoft.NETCore.App.Ref\9.0.3\ref\net9.0\System.Threading.Overlapped.dll" /reference:"C:\Program Files\dotnet\packs\Microsoft.NETCore.App.Ref\9.0.3\ref\net9.0\System.Threading.Tasks.Dataflow.dll" /reference:"C:\Program Files\dotnet\packs\Microsoft.NETCore.App.Ref\9.0.3\ref\net9.0\System.Threading.Tasks.dll" /reference:"C:\Program Files\dotnet\packs\Microsoft.NETCore.App.Ref\9.0.3\ref\net9.0\System.Threading.Tasks.Extensions.dll" /reference:"C:\Program Files\dotnet\packs\Microsoft.NETCore.App.Ref\9.0.3\ref\net9.0\System.Threading.Tasks.Parallel.dll" /reference:"C:\Program Files\dotnet\packs\Microsoft.NETCore.App.Ref\9.0.3\ref\net9.0\System.Threading.Thread.dll" /reference:"C:\Program Files\dotnet\packs\Microsoft.NETCore.App.Ref\9.0.3\ref\net9.0\System.Threading.ThreadPool.dll" /reference:"C:\Program Files\dotnet\packs\Microsoft.NETCore.App.Ref\9.0.3\ref\net9.0\System.Threading.Timer.dll" /reference:"C:\Program Files\dotnet\packs\Microsoft.NETCore.App.Ref\9.0.3\ref\net9.0\System.Transactions.dll" /reference:"C:\Program Files\dotnet\packs\Microsoft.NETCore.App.Ref\9.0.3\ref\net9.0\System.Transactions.Local.dll" /reference:"C:\Program Files\dotnet\packs\Microsoft.NETCore.App.Ref\9.0.3\ref\net9.0\System.ValueTuple.dll" /reference:"C:\Program Files\dotnet\packs\Microsoft.NETCore.App.Ref\9.0.3\ref\net9.0\System.Web.dll" /reference:"C:\Program Files\dotnet\packs\Microsoft.NETCore.App.Ref\9.0.3\ref\net9.0\System.Web.HttpUtility.dll" /reference:"C:\Program Files\dotnet\packs\Microsoft.NETCore.App.Ref\9.0.3\ref\net9.0\System.Windows.dll" /reference:"C:\Program Files\dotnet\packs\Microsoft.NETCore.App.Ref\9.0.3\ref\net9.0\System.Xml.dll" /reference:"C:\Program Files\dotnet\packs\Microsoft.NETCore.App.Ref\9.0.3\ref\net9.0\System.Xml.Linq.dll" /reference:"C:\Program Files\dotnet\packs\Microsoft.NETCore.App.Ref\9.0.3\ref\net9.0\System.Xml.ReaderWriter.dll" /reference:"C:\Program Files\dotnet\packs\Microsoft.NETCore.App.Ref\9.0.3\ref\net9.0\System.Xml.Serialization.dll" /reference:"C:\Program Files\dotnet\packs\Microsoft.NETCore.App.Ref\9.0.3\ref\net9.0\System.Xml.XDocument.dll" /reference:"C:\Program Files\dotnet\packs\Microsoft.NETCore.App.Ref\9.0.3\ref\net9.0\System.Xml.XmlDocument.dll" /reference:"C:\Program Files\dotnet\packs\Microsoft.NETCore.App.Ref\9.0.3\ref\net9.0\System.Xml.XmlSerializer.dll" /reference:"C:\Program Files\dotnet\packs\Microsoft.NETCore.App.Ref\9.0.3\ref\net9.0\System.Xml.XPath.dll" /reference:"C:\Program Files\dotnet\packs\Microsoft.NETCore.App.Ref\9.0.3\ref\net9.0\System.Xml.XPath.XDocument.dll" /reference:C:\Users\smitj\.nuget\packages\microsoft.testplatform.testhost\17.14.1\lib\net8.0\testhost.dll /reference:"C:\Program Files\dotnet\packs\Microsoft.NETCore.App.Ref\9.0.3\ref\net9.0\WindowsBase.dll" /reference:C:\Users\smitj\.nuget\packages\xunit.abstractions\2.0.3\lib\netstandard2.0\xunit.abstractions.dll /reference:C:\Users\smitj\.nuget\packages\xunit.assert\2.9.3\lib\net6.0\xunit.assert.dll /reference:C:\Users\smitj\.nuget\packages\xunit.extensibility.core\2.9.3\lib\netstandard1.1\xunit.core.dll /reference:C:\Users\smitj\.nuget\packages\xunit.extensibility.execution\2.9.3\lib\netstandard1.1\xunit.execution.dotnet.dll /debug+ /debug:portable /filealign:512 /optimize- /out:obj\Debug\net9.0\ToolIntegrationTests.dll /refout:obj\Debug\net9.0\refint\ToolIntegrationTests.dll /target:exe /warnaserror- /utf8output /deterministic+ /sourcelink:obj\Debug\net9.0\ToolIntegrationTests.sourcelink.json /langversion:13.0 /embed:C:\Users\smitj\.nuget\packages\microsoft.net.test.sdk\17.14.1\build\net8.0\Microsoft.NET.Test.Sdk.Program.cs /embed:"obj\Debug\net9.0\.NETCoreApp,Version=v9.0.AssemblyAttributes.cs" /embed:obj\Debug\net9.0\ToolIntegrationTests.AssemblyInfo.cs /analyzerconfig:obj\Debug\net9.0\ToolIntegrationTests.GeneratedMSBuildEditorConfig.editorconfig /analyzerconfig:"C:\Program Files\dotnet\sdk\9.0.104\Sdks\Microsoft.NET.Sdk\analyzers\build\config\analysislevel_9_default.globalconfig" /analyzer:"C:\Program Files\dotnet\sdk\9.0.104\Sdks\Microsoft.NET.Sdk\targets\..\analyzers\Microsoft.CodeAnalysis.CSharp.NetAnalyzers.dll" /analyzer:"C:\Program Files\dotnet\sdk\9.0.104\Sdks\Microsoft.NET.Sdk\targets\..\analyzers\Microsoft.CodeAnalysis.NetAnalyzers.dll" /analyzer:C:\Users\smitj\.nuget\packages\xunit.analyzers\1.18.0\analyzers\dotnet\cs\xunit.analyzers.dll /analyzer:C:\Users\smitj\.nuget\packages\xunit.analyzers\1.18.0\analyzers\dotnet\cs\xunit.analyzers.fixes.dll /analyzer:"C:\Program Files\dotnet\packs\Microsoft.NETCore.App.Ref\9.0.3\analyzers/dotnet/cs/Microsoft.Interop.ComInterfaceGenerator.dll" /analyzer:"C:\Program Files\dotnet\packs\Microsoft.NETCore.App.Ref\9.0.3\analyzers/dotnet/cs/Microsoft.Interop.JavaScript.JSImportGenerator.dll" /analyzer:"C:\Program Files\dotnet\packs\Microsoft.NETCore.App.Ref\9.0.3\analyzers/dotnet/cs/Microsoft.Interop.LibraryImportGenerator.dll" /analyzer:"C:\Program Files\dotnet\packs\Microsoft.NETCore.App.Ref\9.0.3\analyzers/dotnet/cs/Microsoft.Interop.SourceGeneration.dll" /analyzer:"C:\Program Files\dotnet\packs\Microsoft.NETCore.App.Ref\9.0.3\analyzers/dotnet/cs/System.Text.Json.SourceGeneration.dll" /analyzer:"C:\Program Files\dotnet\packs\Microsoft.NETCore.App.Ref\9.0.3\analyzers/dotnet/cs/System.Text.RegularExpressions.Generator.dll" ClassificationToolTests.cs ClusteringToolTests.cs DataAnalysisToolTests.cs DataCleaningToolTests.cs DataVisualizationToolTests.cs NamedEntityRecognitionToolTests.cs PatternRecognitionToolTests.cs PredictiveAnalyticsToolTests.cs RecommendationSystemToolTests.cs SentimentAnalysisToolTests.cs TextGenerationToolTests.cs WebScrapingToolTests.cs WebSearchToolTests.cs C:\Users\smitj\.nuget\packages\microsoft.net.test.sdk\17.14.1\build\net8.0\Microsoft.NET.Test.Sdk.Program.cs "obj\Debug\net9.0\.NETCoreApp,Version=v9.0.AssemblyAttributes.cs" obj\Debug\net9.0\ToolIntegrationTests.AssemblyInfo.cs /warnaserror+:NU1605,SYSLIB0011
     1>C:\Dev\PhoenixVC\cognitive-mesh\tests\AgencyLayer\ToolIntegration\ClassificationToolTests.cs(4,7): error CS0246: The type or namespace name 'CognitiveMesh' could not be found (are you missing a using directive or an assembly reference?) [C:\Dev\PhoenixVC\cognitive-mesh\tests\AgencyLayer\ToolIntegration\ToolIntegrationTests.csproj]
     1>C:\Dev\PhoenixVC\cognitive-mesh\tests\AgencyLayer\ToolIntegration\ClassificationToolTests.cs(5,17): error CS0234: The type or namespace name 'Extensions' does not exist in the namespace 'Microsoft' (are you missing an assembly reference?) [C:\Dev\PhoenixVC\cognitive-mesh\tests\AgencyLayer\ToolIntegration\ToolIntegrationTests.csproj]
     1>C:\Dev\PhoenixVC\cognitive-mesh\tests\AgencyLayer\ToolIntegration\ClusteringToolTests.cs(4,7): error CS0246: The type or namespace name 'CognitiveMesh' could not be found (are you missing a using directive or an assembly reference?) [C:\Dev\PhoenixVC\cognitive-mesh\tests\AgencyLayer\ToolIntegration\ToolIntegrationTests.csproj]
     1>C:\Dev\PhoenixVC\cognitive-mesh\tests\AgencyLayer\ToolIntegration\ClusteringToolTests.cs(5,17): error CS0234: The type or namespace name 'Extensions' does not exist in the namespace 'Microsoft' (are you missing an assembly reference?) [C:\Dev\PhoenixVC\cognitive-mesh\tests\AgencyLayer\ToolIntegration\ToolIntegrationTests.csproj]
     1>C:\Dev\PhoenixVC\cognitive-mesh\tests\AgencyLayer\ToolIntegration\DataAnalysisToolTests.cs(4,7): error CS0246: The type or namespace name 'CognitiveMesh' could not be found (are you missing a using directive or an assembly reference?) [C:\Dev\PhoenixVC\cognitive-mesh\tests\AgencyLayer\ToolIntegration\ToolIntegrationTests.csproj]
     1>C:\Dev\PhoenixVC\cognitive-mesh\tests\AgencyLayer\ToolIntegration\DataAnalysisToolTests.cs(5,17): error CS0234: The type or namespace name 'Extensions' does not exist in the namespace 'Microsoft' (are you missing an assembly reference?) [C:\Dev\PhoenixVC\cognitive-mesh\tests\AgencyLayer\ToolIntegration\ToolIntegrationTests.csproj]
     1>C:\Dev\PhoenixVC\cognitive-mesh\tests\AgencyLayer\ToolIntegration\DataCleaningToolTests.cs(4,7): error CS0246: The type or namespace name 'CognitiveMesh' could not be found (are you missing a using directive or an assembly reference?) [C:\Dev\PhoenixVC\cognitive-mesh\tests\AgencyLayer\ToolIntegration\ToolIntegrationTests.csproj]
     1>C:\Dev\PhoenixVC\cognitive-mesh\tests\AgencyLayer\ToolIntegration\DataCleaningToolTests.cs(5,17): error CS0234: The type or namespace name 'Extensions' does not exist in the namespace 'Microsoft' (are you missing an assembly reference?) [C:\Dev\PhoenixVC\cognitive-mesh\tests\AgencyLayer\ToolIntegration\ToolIntegrationTests.csproj]
     1>C:\Dev\PhoenixVC\cognitive-mesh\tests\AgencyLayer\ToolIntegration\DataVisualizationToolTests.cs(7,7): error CS0246: The type or namespace name 'CognitiveMesh' could not be found (are you missing a using directive or an assembly reference?) [C:\Dev\PhoenixVC\cognitive-mesh\tests\AgencyLayer\ToolIntegration\ToolIntegrationTests.csproj]
     1>C:\Dev\PhoenixVC\cognitive-mesh\tests\AgencyLayer\ToolIntegration\DataVisualizationToolTests.cs(8,17): error CS0234: The type or namespace name 'Extensions' does not exist in the namespace 'Microsoft' (are you missing an assembly reference?) [C:\Dev\PhoenixVC\cognitive-mesh\tests\AgencyLayer\ToolIntegration\ToolIntegrationTests.csproj]
     1>C:\Dev\PhoenixVC\cognitive-mesh\tests\AgencyLayer\ToolIntegration\NamedEntityRecognitionToolTests.cs(7,7): error CS0246: The type or namespace name 'CognitiveMesh' could not be found (are you missing a using directive or an assembly reference?) [C:\Dev\PhoenixVC\cognitive-mesh\tests\AgencyLayer\ToolIntegration\ToolIntegrationTests.csproj]
     1>C:\Dev\PhoenixVC\cognitive-mesh\tests\AgencyLayer\ToolIntegration\NamedEntityRecognitionToolTests.cs(8,17): error CS0234: The type or namespace name 'Extensions' does not exist in the namespace 'Microsoft' (are you missing an assembly reference?) [C:\Dev\PhoenixVC\cognitive-mesh\tests\AgencyLayer\ToolIntegration\ToolIntegrationTests.csproj]
     1>C:\Dev\PhoenixVC\cognitive-mesh\tests\AgencyLayer\ToolIntegration\PatternRecognitionToolTests.cs(7,7): error CS0246: The type or namespace name 'CognitiveMesh' could not be found (are you missing a using directive or an assembly reference?) [C:\Dev\PhoenixVC\cognitive-mesh\tests\AgencyLayer\ToolIntegration\ToolIntegrationTests.csproj]
     1>C:\Dev\PhoenixVC\cognitive-mesh\tests\AgencyLayer\ToolIntegration\PatternRecognitionToolTests.cs(8,17): error CS0234: The type or namespace name 'Extensions' does not exist in the namespace 'Microsoft' (are you missing an assembly reference?) [C:\Dev\PhoenixVC\cognitive-mesh\tests\AgencyLayer\ToolIntegration\ToolIntegrationTests.csproj]
     1>C:\Dev\PhoenixVC\cognitive-mesh\tests\AgencyLayer\ToolIntegration\PredictiveAnalyticsToolTests.cs(4,7): error CS0246: The type or namespace name 'CognitiveMesh' could not be found (are you missing a using directive or an assembly reference?) [C:\Dev\PhoenixVC\cognitive-mesh\tests\AgencyLayer\ToolIntegration\ToolIntegrationTests.csproj]
     1>C:\Dev\PhoenixVC\cognitive-mesh\tests\AgencyLayer\ToolIntegration\PredictiveAnalyticsToolTests.cs(5,17): error CS0234: The type or namespace name 'Extensions' does not exist in the namespace 'Microsoft' (are you missing an assembly reference?) [C:\Dev\PhoenixVC\cognitive-mesh\tests\AgencyLayer\ToolIntegration\ToolIntegrationTests.csproj]
     1>C:\Dev\PhoenixVC\cognitive-mesh\tests\AgencyLayer\ToolIntegration\RecommendationSystemToolTests.cs(7,7): error CS0246: The type or namespace name 'CognitiveMesh' could not be found (are you missing a using directive or an assembly reference?) [C:\Dev\PhoenixVC\cognitive-mesh\tests\AgencyLayer\ToolIntegration\ToolIntegrationTests.csproj]
     1>C:\Dev\PhoenixVC\cognitive-mesh\tests\AgencyLayer\ToolIntegration\RecommendationSystemToolTests.cs(8,17): error CS0234: The type or namespace name 'Extensions' does not exist in the namespace 'Microsoft' (are you missing an assembly reference?) [C:\Dev\PhoenixVC\cognitive-mesh\tests\AgencyLayer\ToolIntegration\ToolIntegrationTests.csproj]
     1>C:\Dev\PhoenixVC\cognitive-mesh\tests\AgencyLayer\ToolIntegration\SentimentAnalysisToolTests.cs(5,7): error CS0246: The type or namespace name 'CognitiveMesh' could not be found (are you missing a using directive or an assembly reference?) [C:\Dev\PhoenixVC\cognitive-mesh\tests\AgencyLayer\ToolIntegration\ToolIntegrationTests.csproj]
     1>C:\Dev\PhoenixVC\cognitive-mesh\tests\AgencyLayer\ToolIntegration\SentimentAnalysisToolTests.cs(6,17): error CS0234: The type or namespace name 'Extensions' does not exist in the namespace 'Microsoft' (are you missing an assembly reference?) [C:\Dev\PhoenixVC\cognitive-mesh\tests\AgencyLayer\ToolIntegration\ToolIntegrationTests.csproj]
     1>C:\Dev\PhoenixVC\cognitive-mesh\tests\AgencyLayer\ToolIntegration\TextGenerationToolTests.cs(4,7): error CS0246: The type or namespace name 'Azure' could not be found (are you missing a using directive or an assembly reference?) [C:\Dev\PhoenixVC\cognitive-mesh\tests\AgencyLayer\ToolIntegration\ToolIntegrationTests.csproj]
     1>C:\Dev\PhoenixVC\cognitive-mesh\tests\AgencyLayer\ToolIntegration\TextGenerationToolTests.cs(5,7): error CS0246: The type or namespace name 'CognitiveMesh' could not be found (are you missing a using directive or an assembly reference?) [C:\Dev\PhoenixVC\cognitive-mesh\tests\AgencyLayer\ToolIntegration\ToolIntegrationTests.csproj]
     1>C:\Dev\PhoenixVC\cognitive-mesh\tests\AgencyLayer\ToolIntegration\TextGenerationToolTests.cs(6,17): error CS0234: The type or namespace name 'Extensions' does not exist in the namespace 'Microsoft' (are you missing an assembly reference?) [C:\Dev\PhoenixVC\cognitive-mesh\tests\AgencyLayer\ToolIntegration\ToolIntegrationTests.csproj]
     1>C:\Dev\PhoenixVC\cognitive-mesh\tests\AgencyLayer\ToolIntegration\WebScrapingToolTests.cs(4,7): error CS0246: The type or namespace name 'CognitiveMesh' could not be found (are you missing a using directive or an assembly reference?) [C:\Dev\PhoenixVC\cognitive-mesh\tests\AgencyLayer\ToolIntegration\ToolIntegrationTests.csproj]
     1>C:\Dev\PhoenixVC\cognitive-mesh\tests\AgencyLayer\ToolIntegration\WebScrapingToolTests.cs(5,17): error CS0234: The type or namespace name 'Extensions' does not exist in the namespace 'Microsoft' (are you missing an assembly reference?) [C:\Dev\PhoenixVC\cognitive-mesh\tests\AgencyLayer\ToolIntegration\ToolIntegrationTests.csproj]
     1>C:\Dev\PhoenixVC\cognitive-mesh\tests\AgencyLayer\ToolIntegration\WebSearchToolTests.cs(4,7): error CS0246: The type or namespace name 'CognitiveMesh' could not be found (are you missing a using directive or an assembly reference?) [C:\Dev\PhoenixVC\cognitive-mesh\tests\AgencyLayer\ToolIntegration\ToolIntegrationTests.csproj]
     1>C:\Dev\PhoenixVC\cognitive-mesh\tests\AgencyLayer\ToolIntegration\WebSearchToolTests.cs(5,17): error CS0234: The type or namespace name 'Extensions' does not exist in the namespace 'Microsoft' (are you missing an assembly reference?) [C:\Dev\PhoenixVC\cognitive-mesh\tests\AgencyLayer\ToolIntegration\ToolIntegrationTests.csproj]
     1>C:\Dev\PhoenixVC\cognitive-mesh\tests\AgencyLayer\ToolIntegration\DataAnalysisToolTests.cs(11,27): error CS0246: The type or namespace name 'ILogger<>' could not be found (are you missing a using directive or an assembly reference?) [C:\Dev\PhoenixVC\cognitive-mesh\tests\AgencyLayer\ToolIntegration\ToolIntegrationTests.csproj]
     1>C:\Dev\PhoenixVC\cognitive-mesh\tests\AgencyLayer\ToolIntegration\DataAnalysisToolTests.cs(11,35): error CS0246: The type or namespace name 'DataAnalysisTool' could not be found (are you missing a using directive or an assembly reference?) [C:\Dev\PhoenixVC\cognitive-mesh\tests\AgencyLayer\ToolIntegration\ToolIntegrationTests.csproj]
     1>C:\Dev\PhoenixVC\cognitive-mesh\tests\AgencyLayer\ToolIntegration\ClusteringToolTests.cs(11,27): error CS0246: The type or namespace name 'ILogger<>' could not be found (are you missing a using directive or an assembly reference?) [C:\Dev\PhoenixVC\cognitive-mesh\tests\AgencyLayer\ToolIntegration\ToolIntegrationTests.csproj]
     1>C:\Dev\PhoenixVC\cognitive-mesh\tests\AgencyLayer\ToolIntegration\ClusteringToolTests.cs(11,35): error CS0246: The type or namespace name 'ClusteringTool' could not be found (are you missing a using directive or an assembly reference?) [C:\Dev\PhoenixVC\cognitive-mesh\tests\AgencyLayer\ToolIntegration\ToolIntegrationTests.csproj]
     1>C:\Dev\PhoenixVC\cognitive-mesh\tests\AgencyLayer\ToolIntegration\ClassificationToolTests.cs(11,27): error CS0246: The type or namespace name 'ILogger<>' could not be found (are you missing a using directive or an assembly reference?) [C:\Dev\PhoenixVC\cognitive-mesh\tests\AgencyLayer\ToolIntegration\ToolIntegrationTests.csproj]
     1>C:\Dev\PhoenixVC\cognitive-mesh\tests\AgencyLayer\ToolIntegration\ClassificationToolTests.cs(11,35): error CS0246: The type or namespace name 'ClassificationTool' could not be found (are you missing a using directive or an assembly reference?) [C:\Dev\PhoenixVC\cognitive-mesh\tests\AgencyLayer\ToolIntegration\ToolIntegrationTests.csproj]
     1>C:\Dev\PhoenixVC\cognitive-mesh\tests\AgencyLayer\ToolIntegration\DataCleaningToolTests.cs(11,27): error CS0246: The type or namespace name 'ILogger<>' could not be found (are you missing a using directive or an assembly reference?) [C:\Dev\PhoenixVC\cognitive-mesh\tests\AgencyLayer\ToolIntegration\ToolIntegrationTests.csproj]
     1>C:\Dev\PhoenixVC\cognitive-mesh\tests\AgencyLayer\ToolIntegration\DataCleaningToolTests.cs(11,35): error CS0246: The type or namespace name 'DataCleaningTool' could not be found (are you missing a using directive or an assembly reference?) [C:\Dev\PhoenixVC\cognitive-mesh\tests\AgencyLayer\ToolIntegration\ToolIntegrationTests.csproj]
     1>C:\Dev\PhoenixVC\cognitive-mesh\tests\AgencyLayer\ToolIntegration\DataAnalysisToolTests.cs(12,22): error CS0246: The type or namespace name 'DataAnalysisTool' could not be found (are you missing a using directive or an assembly reference?) [C:\Dev\PhoenixVC\cognitive-mesh\tests\AgencyLayer\ToolIntegration\ToolIntegrationTests.csproj]
     1>C:\Dev\PhoenixVC\cognitive-mesh\tests\AgencyLayer\ToolIntegration\ClusteringToolTests.cs(12,22): error CS0246: The type or namespace name 'ClusteringTool' could not be found (are you missing a using directive or an assembly reference?) [C:\Dev\PhoenixVC\cognitive-mesh\tests\AgencyLayer\ToolIntegration\ToolIntegrationTests.csproj]
     1>C:\Dev\PhoenixVC\cognitive-mesh\tests\AgencyLayer\ToolIntegration\ClassificationToolTests.cs(12,22): error CS0246: The type or namespace name 'ClassificationTool' could not be found (are you missing a using directive or an assembly reference?) [C:\Dev\PhoenixVC\cognitive-mesh\tests\AgencyLayer\ToolIntegration\ToolIntegrationTests.csproj]
     1>C:\Dev\PhoenixVC\cognitive-mesh\tests\AgencyLayer\ToolIntegration\NamedEntityRecognitionToolTests.cs(14,27): error CS0246: The type or namespace name 'ILogger<>' could not be found (are you missing a using directive or an assembly reference?) [C:\Dev\PhoenixVC\cognitive-mesh\tests\AgencyLayer\ToolIntegration\ToolIntegrationTests.csproj]
     1>C:\Dev\PhoenixVC\cognitive-mesh\tests\AgencyLayer\ToolIntegration\NamedEntityRecognitionToolTests.cs(14,35): error CS0246: The type or namespace name 'NamedEntityRecognitionTool' could not be found (are you missing a using directive or an assembly reference?) [C:\Dev\PhoenixVC\cognitive-mesh\tests\AgencyLayer\ToolIntegration\ToolIntegrationTests.csproj]
     1>C:\Dev\PhoenixVC\cognitive-mesh\tests\AgencyLayer\ToolIntegration\PredictiveAnalyticsToolTests.cs(11,27): error CS0246: The type or namespace name 'ILogger<>' could not be found (are you missing a using directive or an assembly reference?) [C:\Dev\PhoenixVC\cognitive-mesh\tests\AgencyLayer\ToolIntegration\ToolIntegrationTests.csproj]
     1>C:\Dev\PhoenixVC\cognitive-mesh\tests\AgencyLayer\ToolIntegration\PredictiveAnalyticsToolTests.cs(11,35): error CS0246: The type or namespace name 'PredictiveAnalyticsTool' could not be found (are you missing a using directive or an assembly reference?) [C:\Dev\PhoenixVC\cognitive-mesh\tests\AgencyLayer\ToolIntegration\ToolIntegrationTests.csproj]
     1>C:\Dev\PhoenixVC\cognitive-mesh\tests\AgencyLayer\ToolIntegration\PatternRecognitionToolTests.cs(14,27): error CS0246: The type or namespace name 'ILogger<>' could not be found (are you missing a using directive or an assembly reference?) [C:\Dev\PhoenixVC\cognitive-mesh\tests\AgencyLayer\ToolIntegration\ToolIntegrationTests.csproj]
     1>C:\Dev\PhoenixVC\cognitive-mesh\tests\AgencyLayer\ToolIntegration\PatternRecognitionToolTests.cs(14,35): error CS0246: The type or namespace name 'PatternRecognitionTool' could not be found (are you missing a using directive or an assembly reference?) [C:\Dev\PhoenixVC\cognitive-mesh\tests\AgencyLayer\ToolIntegration\ToolIntegrationTests.csproj]
     1>C:\Dev\PhoenixVC\cognitive-mesh\tests\AgencyLayer\ToolIntegration\DataVisualizationToolTests.cs(14,27): error CS0246: The type or namespace name 'ILogger<>' could not be found (are you missing a using directive or an assembly reference?) [C:\Dev\PhoenixVC\cognitive-mesh\tests\AgencyLayer\ToolIntegration\ToolIntegrationTests.csproj]
     1>C:\Dev\PhoenixVC\cognitive-mesh\tests\AgencyLayer\ToolIntegration\DataVisualizationToolTests.cs(14,35): error CS0246: The type or namespace name 'DataVisualizationTool' could not be found (are you missing a using directive or an assembly reference?) [C:\Dev\PhoenixVC\cognitive-mesh\tests\AgencyLayer\ToolIntegration\ToolIntegrationTests.csproj]
     1>C:\Dev\PhoenixVC\cognitive-mesh\tests\AgencyLayer\ToolIntegration\DataCleaningToolTests.cs(12,22): error CS0246: The type or namespace name 'DataCleaningTool' could not be found (are you missing a using directive or an assembly reference?) [C:\Dev\PhoenixVC\cognitive-mesh\tests\AgencyLayer\ToolIntegration\ToolIntegrationTests.csproj]
     1>C:\Dev\PhoenixVC\cognitive-mesh\tests\AgencyLayer\ToolIntegration\PredictiveAnalyticsToolTests.cs(12,22): error CS0246: The type or namespace name 'PredictiveAnalyticsTool' could not be found (are you missing a using directive or an assembly reference?) [C:\Dev\PhoenixVC\cognitive-mesh\tests\AgencyLayer\ToolIntegration\ToolIntegrationTests.csproj]
     1>C:\Dev\PhoenixVC\cognitive-mesh\tests\AgencyLayer\ToolIntegration\RecommendationSystemToolTests.cs(14,27): error CS0246: The type or namespace name 'ILogger<>' could not be found (are you missing a using directive or an assembly reference?) [C:\Dev\PhoenixVC\cognitive-mesh\tests\AgencyLayer\ToolIntegration\ToolIntegrationTests.csproj]
     1>C:\Dev\PhoenixVC\cognitive-mesh\tests\AgencyLayer\ToolIntegration\RecommendationSystemToolTests.cs(14,35): error CS0246: The type or namespace name 'RecommendationSystemTool' could not be found (are you missing a using directive or an assembly reference?) [C:\Dev\PhoenixVC\cognitive-mesh\tests\AgencyLayer\ToolIntegration\ToolIntegrationTests.csproj]
     1>C:\Dev\PhoenixVC\cognitive-mesh\tests\AgencyLayer\ToolIntegration\DataVisualizationToolTests.cs(16,22): error CS0246: The type or namespace name 'DataVisualizationTool' could not be found (are you missing a using directive or an assembly reference?) [C:\Dev\PhoenixVC\cognitive-mesh\tests\AgencyLayer\ToolIntegration\ToolIntegrationTests.csproj]
     1>C:\Dev\PhoenixVC\cognitive-mesh\tests\AgencyLayer\ToolIntegration\NamedEntityRecognitionToolTests.cs(16,22): error CS0246: The type or namespace name 'NamedEntityRecognitionTool' could not be found (are you missing a using directive or an assembly reference?) [C:\Dev\PhoenixVC\cognitive-mesh\tests\AgencyLayer\ToolIntegration\ToolIntegrationTests.csproj]
     1>C:\Dev\PhoenixVC\cognitive-mesh\tests\AgencyLayer\ToolIntegration\PatternRecognitionToolTests.cs(16,22): error CS0246: The type or namespace name 'PatternRecognitionTool' could not be found (are you missing a using directive or an assembly reference?) [C:\Dev\PhoenixVC\cognitive-mesh\tests\AgencyLayer\ToolIntegration\ToolIntegrationTests.csproj]
     1>C:\Dev\PhoenixVC\cognitive-mesh\tests\AgencyLayer\ToolIntegration\RecommendationSystemToolTests.cs(16,22): error CS0246: The type or namespace name 'RecommendationSystemTool' could not be found (are you missing a using directive or an assembly reference?) [C:\Dev\PhoenixVC\cognitive-mesh\tests\AgencyLayer\ToolIntegration\ToolIntegrationTests.csproj]
     1>C:\Dev\PhoenixVC\cognitive-mesh\tests\AgencyLayer\ToolIntegration\SentimentAnalysisToolTests.cs(12,27): error CS0246: The type or namespace name 'ILogger<>' could not be found (are you missing a using directive or an assembly reference?) [C:\Dev\PhoenixVC\cognitive-mesh\tests\AgencyLayer\ToolIntegration\ToolIntegrationTests.csproj]
     1>C:\Dev\PhoenixVC\cognitive-mesh\tests\AgencyLayer\ToolIntegration\SentimentAnalysisToolTests.cs(12,35): error CS0246: The type or namespace name 'SentimentAnalysisTool' could not be found (are you missing a using directive or an assembly reference?) [C:\Dev\PhoenixVC\cognitive-mesh\tests\AgencyLayer\ToolIntegration\ToolIntegrationTests.csproj]
     1>C:\Dev\PhoenixVC\cognitive-mesh\tests\AgencyLayer\ToolIntegration\WebScrapingToolTests.cs(11,27): error CS0246: The type or namespace name 'ILogger<>' could not be found (are you missing a using directive or an assembly reference?) [C:\Dev\PhoenixVC\cognitive-mesh\tests\AgencyLayer\ToolIntegration\ToolIntegrationTests.csproj]
     1>C:\Dev\PhoenixVC\cognitive-mesh\tests\AgencyLayer\ToolIntegration\WebScrapingToolTests.cs(11,35): error CS0246: The type or namespace name 'WebScrapingTool' could not be found (are you missing a using directive or an assembly reference?) [C:\Dev\PhoenixVC\cognitive-mesh\tests\AgencyLayer\ToolIntegration\ToolIntegrationTests.csproj]
     1>C:\Dev\PhoenixVC\cognitive-mesh\tests\AgencyLayer\ToolIntegration\TextGenerationToolTests.cs(12,27): error CS0246: The type or namespace name 'ILogger<>' could not be found (are you missing a using directive or an assembly reference?) [C:\Dev\PhoenixVC\cognitive-mesh\tests\AgencyLayer\ToolIntegration\ToolIntegrationTests.csproj]
     1>C:\Dev\PhoenixVC\cognitive-mesh\tests\AgencyLayer\ToolIntegration\TextGenerationToolTests.cs(12,35): error CS0246: The type or namespace name 'TextGenerationTool' could not be found (are you missing a using directive or an assembly reference?) [C:\Dev\PhoenixVC\cognitive-mesh\tests\AgencyLayer\ToolIntegration\ToolIntegrationTests.csproj]
     1>C:\Dev\PhoenixVC\cognitive-mesh\tests\AgencyLayer\ToolIntegration\WebScrapingToolTests.cs(12,22): error CS0246: The type or namespace name 'WebScrapingTool' could not be found (are you missing a using directive or an assembly reference?) [C:\Dev\PhoenixVC\cognitive-mesh\tests\AgencyLayer\ToolIntegration\ToolIntegrationTests.csproj]
     1>C:\Dev\PhoenixVC\cognitive-mesh\tests\AgencyLayer\ToolIntegration\SentimentAnalysisToolTests.cs(14,22): error CS0246: The type or namespace name 'SentimentAnalysisTool' could not be found (are you missing a using directive or an assembly reference?) [C:\Dev\PhoenixVC\cognitive-mesh\tests\AgencyLayer\ToolIntegration\ToolIntegrationTests.csproj]
     1>C:\Dev\PhoenixVC\cognitive-mesh\tests\AgencyLayer\ToolIntegration\TextGenerationToolTests.cs(13,27): error CS0246: The type or namespace name 'OpenAIClient' could not be found (are you missing a using directive or an assembly reference?) [C:\Dev\PhoenixVC\cognitive-mesh\tests\AgencyLayer\ToolIntegration\ToolIntegrationTests.csproj]
     1>C:\Dev\PhoenixVC\cognitive-mesh\tests\AgencyLayer\ToolIntegration\TextGenerationToolTests.cs(14,22): error CS0246: The type or namespace name 'TextGenerationTool' could not be found (are you missing a using directive or an assembly reference?) [C:\Dev\PhoenixVC\cognitive-mesh\tests\AgencyLayer\ToolIntegration\ToolIntegrationTests.csproj]
     1>C:\Dev\PhoenixVC\cognitive-mesh\tests\AgencyLayer\ToolIntegration\WebSearchToolTests.cs(11,27): error CS0246: The type or namespace name 'ILogger<>' could not be found (are you missing a using directive or an assembly reference?) [C:\Dev\PhoenixVC\cognitive-mesh\tests\AgencyLayer\ToolIntegration\ToolIntegrationTests.csproj]
     1>C:\Dev\PhoenixVC\cognitive-mesh\tests\AgencyLayer\ToolIntegration\WebSearchToolTests.cs(11,35): error CS0246: The type or namespace name 'WebSearchTool' could not be found (are you missing a using directive or an assembly reference?) [C:\Dev\PhoenixVC\cognitive-mesh\tests\AgencyLayer\ToolIntegration\ToolIntegrationTests.csproj]
     1>C:\Dev\PhoenixVC\cognitive-mesh\tests\AgencyLayer\ToolIntegration\WebSearchToolTests.cs(12,22): error CS0246: The type or namespace name 'WebSearchTool' could not be found (are you missing a using directive or an assembly reference?) [C:\Dev\PhoenixVC\cognitive-mesh\tests\AgencyLayer\ToolIntegration\ToolIntegrationTests.csproj]
         CompilerServer: server - server processed compilation - ToolIntegrationTests (net9.0)
     1>Done Building Project "C:\Dev\PhoenixVC\cognitive-mesh\tests\AgencyLayer\ToolIntegration\ToolIntegrationTests.csproj" (default targets) -- FAILED.

Build FAILED.

       "C:\Dev\PhoenixVC\cognitive-mesh\tests\AgencyLayer\ToolIntegration\ToolIntegrationTests.csproj" (default target) (1:7) ->
       (ResolveProjectReferences target) -> 
         C:\Program Files\dotnet\sdk\9.0.104\Microsoft.Common.CurrentVersion.targets(2175,5): warning MSB9008: The referenced project '..\..\..\..\src\AgencyLayer\ToolIntegration\ToolIntegration.csproj' does not exist. [C:\Dev\PhoenixVC\cognitive-mesh\tests\AgencyLayer\ToolIntegration\ToolIntegrationTests.csproj]


       "C:\Dev\PhoenixVC\cognitive-mesh\tests\AgencyLayer\ToolIntegration\ToolIntegrationTests.csproj" (default target) (1:7) ->
       (CoreCompile target) -> 
         C:\Dev\PhoenixVC\cognitive-mesh\tests\AgencyLayer\ToolIntegration\ClassificationToolTests.cs(4,7): error CS0246: The type or namespace name 'CognitiveMesh' could not be found (are you missing a using directive or an assembly reference?) [C:\Dev\PhoenixVC\cognitive-mesh\tests\AgencyLayer\ToolIntegration\ToolIntegrationTests.csproj]
         C:\Dev\PhoenixVC\cognitive-mesh\tests\AgencyLayer\ToolIntegration\ClassificationToolTests.cs(5,17): error CS0234: The type or namespace name 'Extensions' does not exist in the namespace 'Microsoft' (are you missing an assembly reference?) [C:\Dev\PhoenixVC\cognitive-mesh\tests\AgencyLayer\ToolIntegration\ToolIntegrationTests.csproj]
         C:\Dev\PhoenixVC\cognitive-mesh\tests\AgencyLayer\ToolIntegration\ClusteringToolTests.cs(4,7): error CS0246: The type or namespace name 'CognitiveMesh' could not be found (are you missing a using directive or an assembly reference?) [C:\Dev\PhoenixVC\cognitive-mesh\tests\AgencyLayer\ToolIntegration\ToolIntegrationTests.csproj]
         C:\Dev\PhoenixVC\cognitive-mesh\tests\AgencyLayer\ToolIntegration\ClusteringToolTests.cs(5,17): error CS0234: The type or namespace name 'Extensions' does not exist in the namespace 'Microsoft' (are you missing an assembly reference?) [C:\Dev\PhoenixVC\cognitive-mesh\tests\AgencyLayer\ToolIntegration\ToolIntegrationTests.csproj]
         C:\Dev\PhoenixVC\cognitive-mesh\tests\AgencyLayer\ToolIntegration\DataAnalysisToolTests.cs(4,7): error CS0246: The type or namespace name 'CognitiveMesh' could not be found (are you missing a using directive or an assembly reference?) [C:\Dev\PhoenixVC\cognitive-mesh\tests\AgencyLayer\ToolIntegration\ToolIntegrationTests.csproj]
         C:\Dev\PhoenixVC\cognitive-mesh\tests\AgencyLayer\ToolIntegration\DataAnalysisToolTests.cs(5,17): error CS0234: The type or namespace name 'Extensions' does not exist in the namespace 'Microsoft' (are you missing an assembly reference?) [C:\Dev\PhoenixVC\cognitive-mesh\tests\AgencyLayer\ToolIntegration\ToolIntegrationTests.csproj]
         C:\Dev\PhoenixVC\cognitive-mesh\tests\AgencyLayer\ToolIntegration\DataCleaningToolTests.cs(4,7): error CS0246: The type or namespace name 'CognitiveMesh' could not be found (are you missing a using directive or an assembly reference?) [C:\Dev\PhoenixVC\cognitive-mesh\tests\AgencyLayer\ToolIntegration\ToolIntegrationTests.csproj]
         C:\Dev\PhoenixVC\cognitive-mesh\tests\AgencyLayer\ToolIntegration\DataCleaningToolTests.cs(5,17): error CS0234: The type or namespace name 'Extensions' does not exist in the namespace 'Microsoft' (are you missing an assembly reference?) [C:\Dev\PhoenixVC\cognitive-mesh\tests\AgencyLayer\ToolIntegration\ToolIntegrationTests.csproj]
         C:\Dev\PhoenixVC\cognitive-mesh\tests\AgencyLayer\ToolIntegration\DataVisualizationToolTests.cs(7,7): error CS0246: The type or namespace name 'CognitiveMesh' could not be found (are you missing a using directive or an assembly reference?) [C:\Dev\PhoenixVC\cognitive-mesh\tests\AgencyLayer\ToolIntegration\ToolIntegrationTests.csproj]
         C:\Dev\PhoenixVC\cognitive-mesh\tests\AgencyLayer\ToolIntegration\DataVisualizationToolTests.cs(8,17): error CS0234: The type or namespace name 'Extensions' does not exist in the namespace 'Microsoft' (are you missing an assembly reference?) [C:\Dev\PhoenixVC\cognitive-mesh\tests\AgencyLayer\ToolIntegration\ToolIntegrationTests.csproj]
         C:\Dev\PhoenixVC\cognitive-mesh\tests\AgencyLayer\ToolIntegration\NamedEntityRecognitionToolTests.cs(7,7): error CS0246: The type or namespace name 'CognitiveMesh' could not be found (are you missing a using directive or an assembly reference?) [C:\Dev\PhoenixVC\cognitive-mesh\tests\AgencyLayer\ToolIntegration\ToolIntegrationTests.csproj]
         C:\Dev\PhoenixVC\cognitive-mesh\tests\AgencyLayer\ToolIntegration\NamedEntityRecognitionToolTests.cs(8,17): error CS0234: The type or namespace name 'Extensions' does not exist in the namespace 'Microsoft' (are you missing an assembly reference?) [C:\Dev\PhoenixVC\cognitive-mesh\tests\AgencyLayer\ToolIntegration\ToolIntegrationTests.csproj]
         C:\Dev\PhoenixVC\cognitive-mesh\tests\AgencyLayer\ToolIntegration\PatternRecognitionToolTests.cs(7,7): error CS0246: The type or namespace name 'CognitiveMesh' could not be found (are you missing a using directive or an assembly reference?) [C:\Dev\PhoenixVC\cognitive-mesh\tests\AgencyLayer\ToolIntegration\ToolIntegrationTests.csproj]
         C:\Dev\PhoenixVC\cognitive-mesh\tests\AgencyLayer\ToolIntegration\PatternRecognitionToolTests.cs(8,17): error CS0234: The type or namespace name 'Extensions' does not exist in the namespace 'Microsoft' (are you missing an assembly reference?) [C:\Dev\PhoenixVC\cognitive-mesh\tests\AgencyLayer\ToolIntegration\ToolIntegrationTests.csproj]
         C:\Dev\PhoenixVC\cognitive-mesh\tests\AgencyLayer\ToolIntegration\PredictiveAnalyticsToolTests.cs(4,7): error CS0246: The type or namespace name 'CognitiveMesh' could not be found (are you missing a using directive or an assembly reference?) [C:\Dev\PhoenixVC\cognitive-mesh\tests\AgencyLayer\ToolIntegration\ToolIntegrationTests.csproj]
         C:\Dev\PhoenixVC\cognitive-mesh\tests\AgencyLayer\ToolIntegration\PredictiveAnalyticsToolTests.cs(5,17): error CS0234: The type or namespace name 'Extensions' does not exist in the namespace 'Microsoft' (are you missing an assembly reference?) [C:\Dev\PhoenixVC\cognitive-mesh\tests\AgencyLayer\ToolIntegration\ToolIntegrationTests.csproj]
         C:\Dev\PhoenixVC\cognitive-mesh\tests\AgencyLayer\ToolIntegration\RecommendationSystemToolTests.cs(7,7): error CS0246: The type or namespace name 'CognitiveMesh' could not be found (are you missing a using directive or an assembly reference?) [C:\Dev\PhoenixVC\cognitive-mesh\tests\AgencyLayer\ToolIntegration\ToolIntegrationTests.csproj]
         C:\Dev\PhoenixVC\cognitive-mesh\tests\AgencyLayer\ToolIntegration\RecommendationSystemToolTests.cs(8,17): error CS0234: The type or namespace name 'Extensions' does not exist in the namespace 'Microsoft' (are you missing an assembly reference?) [C:\Dev\PhoenixVC\cognitive-mesh\tests\AgencyLayer\ToolIntegration\ToolIntegrationTests.csproj]
         C:\Dev\PhoenixVC\cognitive-mesh\tests\AgencyLayer\ToolIntegration\SentimentAnalysisToolTests.cs(5,7): error CS0246: The type or namespace name 'CognitiveMesh' could not be found (are you missing a using directive or an assembly reference?) [C:\Dev\PhoenixVC\cognitive-mesh\tests\AgencyLayer\ToolIntegration\ToolIntegrationTests.csproj]
         C:\Dev\PhoenixVC\cognitive-mesh\tests\AgencyLayer\ToolIntegration\SentimentAnalysisToolTests.cs(6,17): error CS0234: The type or namespace name 'Extensions' does not exist in the namespace 'Microsoft' (are you missing an assembly reference?) [C:\Dev\PhoenixVC\cognitive-mesh\tests\AgencyLayer\ToolIntegration\ToolIntegrationTests.csproj]
         C:\Dev\PhoenixVC\cognitive-mesh\tests\AgencyLayer\ToolIntegration\TextGenerationToolTests.cs(4,7): error CS0246: The type or namespace name 'Azure' could not be found (are you missing a using directive or an assembly reference?) [C:\Dev\PhoenixVC\cognitive-mesh\tests\AgencyLayer\ToolIntegration\ToolIntegrationTests.csproj]
         C:\Dev\PhoenixVC\cognitive-mesh\tests\AgencyLayer\ToolIntegration\TextGenerationToolTests.cs(5,7): error CS0246: The type or namespace name 'CognitiveMesh' could not be found (are you missing a using directive or an assembly reference?) [C:\Dev\PhoenixVC\cognitive-mesh\tests\AgencyLayer\ToolIntegration\ToolIntegrationTests.csproj]
         C:\Dev\PhoenixVC\cognitive-mesh\tests\AgencyLayer\ToolIntegration\TextGenerationToolTests.cs(6,17): error CS0234: The type or namespace name 'Extensions' does not exist in the namespace 'Microsoft' (are you missing an assembly reference?) [C:\Dev\PhoenixVC\cognitive-mesh\tests\AgencyLayer\ToolIntegration\ToolIntegrationTests.csproj]
         C:\Dev\PhoenixVC\cognitive-mesh\tests\AgencyLayer\ToolIntegration\WebScrapingToolTests.cs(4,7): error CS0246: The type or namespace name 'CognitiveMesh' could not be found (are you missing a using directive or an assembly reference?) [C:\Dev\PhoenixVC\cognitive-mesh\tests\AgencyLayer\ToolIntegration\ToolIntegrationTests.csproj]
         C:\Dev\PhoenixVC\cognitive-mesh\tests\AgencyLayer\ToolIntegration\WebScrapingToolTests.cs(5,17): error CS0234: The type or namespace name 'Extensions' does not exist in the namespace 'Microsoft' (are you missing an assembly reference?) [C:\Dev\PhoenixVC\cognitive-mesh\tests\AgencyLayer\ToolIntegration\ToolIntegrationTests.csproj]
         C:\Dev\PhoenixVC\cognitive-mesh\tests\AgencyLayer\ToolIntegration\WebSearchToolTests.cs(4,7): error CS0246: The type or namespace name 'CognitiveMesh' could not be found (are you missing a using directive or an assembly reference?) [C:\Dev\PhoenixVC\cognitive-mesh\tests\AgencyLayer\ToolIntegration\ToolIntegrationTests.csproj]
         C:\Dev\PhoenixVC\cognitive-mesh\tests\AgencyLayer\ToolIntegration\WebSearchToolTests.cs(5,17): error CS0234: The type or namespace name 'Extensions' does not exist in the namespace 'Microsoft' (are you missing an assembly reference?) [C:\Dev\PhoenixVC\cognitive-mesh\tests\AgencyLayer\ToolIntegration\ToolIntegrationTests.csproj]
         C:\Dev\PhoenixVC\cognitive-mesh\tests\AgencyLayer\ToolIntegration\DataAnalysisToolTests.cs(11,27): error CS0246: The type or namespace name 'ILogger<>' could not be found (are you missing a using directive or an assembly reference?) [C:\Dev\PhoenixVC\cognitive-mesh\tests\AgencyLayer\ToolIntegration\ToolIntegrationTests.csproj]
         C:\Dev\PhoenixVC\cognitive-mesh\tests\AgencyLayer\ToolIntegration\DataAnalysisToolTests.cs(11,35): error CS0246: The type or namespace name 'DataAnalysisTool' could not be found (are you missing a using directive or an assembly reference?) [C:\Dev\PhoenixVC\cognitive-mesh\tests\AgencyLayer\ToolIntegration\ToolIntegrationTests.csproj]
         C:\Dev\PhoenixVC\cognitive-mesh\tests\AgencyLayer\ToolIntegration\ClusteringToolTests.cs(11,27): error CS0246: The type or namespace name 'ILogger<>' could not be found (are you missing a using directive or an assembly reference?) [C:\Dev\PhoenixVC\cognitive-mesh\tests\AgencyLayer\ToolIntegration\ToolIntegrationTests.csproj]
         C:\Dev\PhoenixVC\cognitive-mesh\tests\AgencyLayer\ToolIntegration\ClusteringToolTests.cs(11,35): error CS0246: The type or namespace name 'ClusteringTool' could not be found (are you missing a using directive or an assembly reference?) [C:\Dev\PhoenixVC\cognitive-mesh\tests\AgencyLayer\ToolIntegration\ToolIntegrationTests.csproj]
         C:\Dev\PhoenixVC\cognitive-mesh\tests\AgencyLayer\ToolIntegration\ClassificationToolTests.cs(11,27): error CS0246: The type or namespace name 'ILogger<>' could not be found (are you missing a using directive or an assembly reference?) [C:\Dev\PhoenixVC\cognitive-mesh\tests\AgencyLayer\ToolIntegration\ToolIntegrationTests.csproj]
         C:\Dev\PhoenixVC\cognitive-mesh\tests\AgencyLayer\ToolIntegration\ClassificationToolTests.cs(11,35): error CS0246: The type or namespace name 'ClassificationTool' could not be found (are you missing a using directive or an assembly reference?) [C:\Dev\PhoenixVC\cognitive-mesh\tests\AgencyLayer\ToolIntegration\ToolIntegrationTests.csproj]
         C:\Dev\PhoenixVC\cognitive-mesh\tests\AgencyLayer\ToolIntegration\DataCleaningToolTests.cs(11,27): error CS0246: The type or namespace name 'ILogger<>' could not be found (are you missing a using directive or an assembly reference?) [C:\Dev\PhoenixVC\cognitive-mesh\tests\AgencyLayer\ToolIntegration\ToolIntegrationTests.csproj]
         C:\Dev\PhoenixVC\cognitive-mesh\tests\AgencyLayer\ToolIntegration\DataCleaningToolTests.cs(11,35): error CS0246: The type or namespace name 'DataCleaningTool' could not be found (are you missing a using directive or an assembly reference?) [C:\Dev\PhoenixVC\cognitive-mesh\tests\AgencyLayer\ToolIntegration\ToolIntegrationTests.csproj]
         C:\Dev\PhoenixVC\cognitive-mesh\tests\AgencyLayer\ToolIntegration\DataAnalysisToolTests.cs(12,22): error CS0246: The type or namespace name 'DataAnalysisTool' could not be found (are you missing a using directive or an assembly reference?) [C:\Dev\PhoenixVC\cognitive-mesh\tests\AgencyLayer\ToolIntegration\ToolIntegrationTests.csproj]
         C:\Dev\PhoenixVC\cognitive-mesh\tests\AgencyLayer\ToolIntegration\ClusteringToolTests.cs(12,22): error CS0246: The type or namespace name 'ClusteringTool' could not be found (are you missing a using directive or an assembly reference?) [C:\Dev\PhoenixVC\cognitive-mesh\tests\AgencyLayer\ToolIntegration\ToolIntegrationTests.csproj]
         C:\Dev\PhoenixVC\cognitive-mesh\tests\AgencyLayer\ToolIntegration\ClassificationToolTests.cs(12,22): error CS0246: The type or namespace name 'ClassificationTool' could not be found (are you missing a using directive or an assembly reference?) [C:\Dev\PhoenixVC\cognitive-mesh\tests\AgencyLayer\ToolIntegration\ToolIntegrationTests.csproj]
         C:\Dev\PhoenixVC\cognitive-mesh\tests\AgencyLayer\ToolIntegration\NamedEntityRecognitionToolTests.cs(14,27): error CS0246: The type or namespace name 'ILogger<>' could not be found (are you missing a using directive or an assembly reference?) [C:\Dev\PhoenixVC\cognitive-mesh\tests\AgencyLayer\ToolIntegration\ToolIntegrationTests.csproj]
         C:\Dev\PhoenixVC\cognitive-mesh\tests\AgencyLayer\ToolIntegration\NamedEntityRecognitionToolTests.cs(14,35): error CS0246: The type or namespace name 'NamedEntityRecognitionTool' could not be found (are you missing a using directive or an assembly reference?) [C:\Dev\PhoenixVC\cognitive-mesh\tests\AgencyLayer\ToolIntegration\ToolIntegrationTests.csproj]
         C:\Dev\PhoenixVC\cognitive-mesh\tests\AgencyLayer\ToolIntegration\PredictiveAnalyticsToolTests.cs(11,27): error CS0246: The type or namespace name 'ILogger<>' could not be found (are you missing a using directive or an assembly reference?) [C:\Dev\PhoenixVC\cognitive-mesh\tests\AgencyLayer\ToolIntegration\ToolIntegrationTests.csproj]
         C:\Dev\PhoenixVC\cognitive-mesh\tests\AgencyLayer\ToolIntegration\PredictiveAnalyticsToolTests.cs(11,35): error CS0246: The type or namespace name 'PredictiveAnalyticsTool' could not be found (are you missing a using directive or an assembly reference?) [C:\Dev\PhoenixVC\cognitive-mesh\tests\AgencyLayer\ToolIntegration\ToolIntegrationTests.csproj]
         C:\Dev\PhoenixVC\cognitive-mesh\tests\AgencyLayer\ToolIntegration\PatternRecognitionToolTests.cs(14,27): error CS0246: The type or namespace name 'ILogger<>' could not be found (are you missing a using directive or an assembly reference?) [C:\Dev\PhoenixVC\cognitive-mesh\tests\AgencyLayer\ToolIntegration\ToolIntegrationTests.csproj]
         C:\Dev\PhoenixVC\cognitive-mesh\tests\AgencyLayer\ToolIntegration\PatternRecognitionToolTests.cs(14,35): error CS0246: The type or namespace name 'PatternRecognitionTool' could not be found (are you missing a using directive or an assembly reference?) [C:\Dev\PhoenixVC\cognitive-mesh\tests\AgencyLayer\ToolIntegration\ToolIntegrationTests.csproj]
         C:\Dev\PhoenixVC\cognitive-mesh\tests\AgencyLayer\ToolIntegration\DataVisualizationToolTests.cs(14,27): error CS0246: The type or namespace name 'ILogger<>' could not be found (are you missing a using directive or an assembly reference?) [C:\Dev\PhoenixVC\cognitive-mesh\tests\AgencyLayer\ToolIntegration\ToolIntegrationTests.csproj]
         C:\Dev\PhoenixVC\cognitive-mesh\tests\AgencyLayer\ToolIntegration\DataVisualizationToolTests.cs(14,35): error CS0246: The type or namespace name 'DataVisualizationTool' could not be found (are you missing a using directive or an assembly reference?) [C:\Dev\PhoenixVC\cognitive-mesh\tests\AgencyLayer\ToolIntegration\ToolIntegrationTests.csproj]
         C:\Dev\PhoenixVC\cognitive-mesh\tests\AgencyLayer\ToolIntegration\DataCleaningToolTests.cs(12,22): error CS0246: The type or namespace name 'DataCleaningTool' could not be found (are you missing a using directive or an assembly reference?) [C:\Dev\PhoenixVC\cognitive-mesh\tests\AgencyLayer\ToolIntegration\ToolIntegrationTests.csproj]
         C:\Dev\PhoenixVC\cognitive-mesh\tests\AgencyLayer\ToolIntegration\PredictiveAnalyticsToolTests.cs(12,22): error CS0246: The type or namespace name 'PredictiveAnalyticsTool' could not be found (are you missing a using directive or an assembly reference?) [C:\Dev\PhoenixVC\cognitive-mesh\tests\AgencyLayer\ToolIntegration\ToolIntegrationTests.csproj]
         C:\Dev\PhoenixVC\cognitive-mesh\tests\AgencyLayer\ToolIntegration\RecommendationSystemToolTests.cs(14,27): error CS0246: The type or namespace name 'ILogger<>' could not be found (are you missing a using directive or an assembly reference?) [C:\Dev\PhoenixVC\cognitive-mesh\tests\AgencyLayer\ToolIntegration\ToolIntegrationTests.csproj]
         C:\Dev\PhoenixVC\cognitive-mesh\tests\AgencyLayer\ToolIntegration\RecommendationSystemToolTests.cs(14,35): error CS0246: The type or namespace name 'RecommendationSystemTool' could not be found (are you missing a using directive or an assembly reference?) [C:\Dev\PhoenixVC\cognitive-mesh\tests\AgencyLayer\ToolIntegration\ToolIntegrationTests.csproj]
         C:\Dev\PhoenixVC\cognitive-mesh\tests\AgencyLayer\ToolIntegration\DataVisualizationToolTests.cs(16,22): error CS0246: The type or namespace name 'DataVisualizationTool' could not be found (are you missing a using directive or an assembly reference?) [C:\Dev\PhoenixVC\cognitive-mesh\tests\AgencyLayer\ToolIntegration\ToolIntegrationTests.csproj]
         C:\Dev\PhoenixVC\cognitive-mesh\tests\AgencyLayer\ToolIntegration\NamedEntityRecognitionToolTests.cs(16,22): error CS0246: The type or namespace name 'NamedEntityRecognitionTool' could not be found (are you missing a using directive or an assembly reference?) [C:\Dev\PhoenixVC\cognitive-mesh\tests\AgencyLayer\ToolIntegration\ToolIntegrationTests.csproj]
         C:\Dev\PhoenixVC\cognitive-mesh\tests\AgencyLayer\ToolIntegration\PatternRecognitionToolTests.cs(16,22): error CS0246: The type or namespace name 'PatternRecognitionTool' could not be found (are you missing a using directive or an assembly reference?) [C:\Dev\PhoenixVC\cognitive-mesh\tests\AgencyLayer\ToolIntegration\ToolIntegrationTests.csproj]
         C:\Dev\PhoenixVC\cognitive-mesh\tests\AgencyLayer\ToolIntegration\RecommendationSystemToolTests.cs(16,22): error CS0246: The type or namespace name 'RecommendationSystemTool' could not be found (are you missing a using directive or an assembly reference?) [C:\Dev\PhoenixVC\cognitive-mesh\tests\AgencyLayer\ToolIntegration\ToolIntegrationTests.csproj]
         C:\Dev\PhoenixVC\cognitive-mesh\tests\AgencyLayer\ToolIntegration\SentimentAnalysisToolTests.cs(12,27): error CS0246: The type or namespace name 'ILogger<>' could not be found (are you missing a using directive or an assembly reference?) [C:\Dev\PhoenixVC\cognitive-mesh\tests\AgencyLayer\ToolIntegration\ToolIntegrationTests.csproj]
         C:\Dev\PhoenixVC\cognitive-mesh\tests\AgencyLayer\ToolIntegration\SentimentAnalysisToolTests.cs(12,35): error CS0246: The type or namespace name 'SentimentAnalysisTool' could not be found (are you missing a using directive or an assembly reference?) [C:\Dev\PhoenixVC\cognitive-mesh\tests\AgencyLayer\ToolIntegration\ToolIntegrationTests.csproj]
         C:\Dev\PhoenixVC\cognitive-mesh\tests\AgencyLayer\ToolIntegration\WebScrapingToolTests.cs(11,27): error CS0246: The type or namespace name 'ILogger<>' could not be found (are you missing a using directive or an assembly reference?) [C:\Dev\PhoenixVC\cognitive-mesh\tests\AgencyLayer\ToolIntegration\ToolIntegrationTests.csproj]
         C:\Dev\PhoenixVC\cognitive-mesh\tests\AgencyLayer\ToolIntegration\WebScrapingToolTests.cs(11,35): error CS0246: The type or namespace name 'WebScrapingTool' could not be found (are you missing a using directive or an assembly reference?) [C:\Dev\PhoenixVC\cognitive-mesh\tests\AgencyLayer\ToolIntegration\ToolIntegrationTests.csproj]
         C:\Dev\PhoenixVC\cognitive-mesh\tests\AgencyLayer\ToolIntegration\TextGenerationToolTests.cs(12,27): error CS0246: The type or namespace name 'ILogger<>' could not be found (are you missing a using directive or an assembly reference?) [C:\Dev\PhoenixVC\cognitive-mesh\tests\AgencyLayer\ToolIntegration\ToolIntegrationTests.csproj]
         C:\Dev\PhoenixVC\cognitive-mesh\tests\AgencyLayer\ToolIntegration\TextGenerationToolTests.cs(12,35): error CS0246: The type or namespace name 'TextGenerationTool' could not be found (are you missing a using directive or an assembly reference?) [C:\Dev\PhoenixVC\cognitive-mesh\tests\AgencyLayer\ToolIntegration\ToolIntegrationTests.csproj]
         C:\Dev\PhoenixVC\cognitive-mesh\tests\AgencyLayer\ToolIntegration\WebScrapingToolTests.cs(12,22): error CS0246: The type or namespace name 'WebScrapingTool' could not be found (are you missing a using directive or an assembly reference?) [C:\Dev\PhoenixVC\cognitive-mesh\tests\AgencyLayer\ToolIntegration\ToolIntegrationTests.csproj]
         C:\Dev\PhoenixVC\cognitive-mesh\tests\AgencyLayer\ToolIntegration\SentimentAnalysisToolTests.cs(14,22): error CS0246: The type or namespace name 'SentimentAnalysisTool' could not be found (are you missing a using directive or an assembly reference?) [C:\Dev\PhoenixVC\cognitive-mesh\tests\AgencyLayer\ToolIntegration\ToolIntegrationTests.csproj]
         C:\Dev\PhoenixVC\cognitive-mesh\tests\AgencyLayer\ToolIntegration\TextGenerationToolTests.cs(13,27): error CS0246: The type or namespace name 'OpenAIClient' could not be found (are you missing a using directive or an assembly reference?) [C:\Dev\PhoenixVC\cognitive-mesh\tests\AgencyLayer\ToolIntegration\ToolIntegrationTests.csproj]
         C:\Dev\PhoenixVC\cognitive-mesh\tests\AgencyLayer\ToolIntegration\TextGenerationToolTests.cs(14,22): error CS0246: The type or namespace name 'TextGenerationTool' could not be found (are you missing a using directive or an assembly reference?) [C:\Dev\PhoenixVC\cognitive-mesh\tests\AgencyLayer\ToolIntegration\ToolIntegrationTests.csproj]
         C:\Dev\PhoenixVC\cognitive-mesh\tests\AgencyLayer\ToolIntegration\WebSearchToolTests.cs(11,27): error CS0246: The type or namespace name 'ILogger<>' could not be found (are you missing a using directive or an assembly reference?) [C:\Dev\PhoenixVC\cognitive-mesh\tests\AgencyLayer\ToolIntegration\ToolIntegrationTests.csproj]
         C:\Dev\PhoenixVC\cognitive-mesh\tests\AgencyLayer\ToolIntegration\WebSearchToolTests.cs(11,35): error CS0246: The type or namespace name 'WebSearchTool' could not be found (are you missing a using directive or an assembly reference?) [C:\Dev\PhoenixVC\cognitive-mesh\tests\AgencyLayer\ToolIntegration\ToolIntegrationTests.csproj]
         C:\Dev\PhoenixVC\cognitive-mesh\tests\AgencyLayer\ToolIntegration\WebSearchToolTests.cs(12,22): error CS0246: The type or namespace name 'WebSearchTool' could not be found (are you missing a using directive or an assembly reference?) [C:\Dev\PhoenixVC\cognitive-mesh\tests\AgencyLayer\ToolIntegration\ToolIntegrationTests.csproj]

    1 Warning(s)
    67 Error(s)

Time Elapsed 00:00:00.87

Workload updates are available. Run `dotnet workload list` for more information.
