  Determining projects to restore...
  All projects are up-to-date for restore.
  ToolIntegration -> C:\Dev\PhoenixVC\cognitive-mesh\src\AgencyLayer\ToolIntegration\bin\Debug\net9.0\ToolIntegration.dll
C:\Dev\PhoenixVC\cognitive-mesh\tests\AgencyLayer\ToolIntegration\TextGenerationToolTests.cs(4,7): error CS0246: The type or namespace name 'Azure' could not be found (are you missing a using directive or an assembly reference?) [C:\Dev\PhoenixVC\cognitive-mesh\tests\AgencyLayer\ToolIntegration\ToolIntegrationTests.csproj]
C:\Dev\PhoenixVC\cognitive-mesh\tests\AgencyLayer\ToolIntegration\TextGenerationToolTests.cs(13,27): error CS0246: The type or namespace name 'OpenAIClient' could not be found (are you missing a using directive or an assembly reference?) [C:\Dev\PhoenixVC\cognitive-mesh\tests\AgencyLayer\ToolIntegration\ToolIntegrationTests.csproj]

Workload updates are available. Run `dotnet workload list` for more information.
